Godot Engine v4.5.1.stable.official.f62fdbde1 - https://godotengine.org

[   0% ] [90m[1mfirst_scan_filesystem[22m | Started プロジェクトの初期化 (5 steps)[39m[0m
[   0% ] [90m[1mfirst_scan_filesystem[22m | ファイル構造をスキャン中...[39m[0m
[  16% ] [90m[1mfirst_scan_filesystem[22m | グローバルクラス名を読み込み中...[39m[0m
[  33% ] [90m[1mfirst_scan_filesystem[22m | GDExtensionを検証中...[39m[0m
[  50% ] [90m[1mfirst_scan_filesystem[22m | 自動読み込みスクリプトを作成中...[39m[0m
[  66% ] [90m[1mfirst_scan_filesystem[22m | プラグインを初期化中...[39m[0m
[  83% ] [90m[1mfirst_scan_filesystem[22m | ファイルスキャンを開始...[39m[0m
[92m[ DONE ][39m [1mfirst_scan_filesystem[22m
[0m
[   0% ] [90m[1mupdate_scripts_classes[22m | Started グローバルクラスを登録中... (3 steps)[39m[0m
[   0% ] [90m[1mupdate_scripts_classes[22m | GameManager[39m[0m
[  25% ] [90m[1mupdate_scripts_classes[22m | [39m[0m
[  50% ] [90m[1mupdate_scripts_classes[22m | [39m[0m
[92m[ DONE ][39m [1mupdate_scripts_classes[22m
[0m
[   0% ] [90m[1mreimport[22m | Started アセットを(再)インポート中 (1 steps)[39m[0m
[   0% ] [90m[1mreimport[22m | 再インポートするファイルを準備中...[39m[0m
[   0% ] [90m[1mreimport[22m | 再インポート前の操作を実行中...[39m[0m
[   0% ] [90m[1mreimport[22m | paper_stack.png[39m[0m
[  50% ] [90m[1mreimport[22m | アセットインポートを終了しています...[39m[0m
[92m[ DONE ][39m [1mreimport[22m
[0m
[   0% ] [90m[1mreimport[22m | Started アセットを(再)インポート中 (1 steps)[39m[0m
[   0% ] [90m[1mreimport[22m | 再インポート後の操作を実行中...[39m[0m
[92m[ DONE ][39m [1mreimport[22m
[0m
[   0% ] [90m[1mloading_editor_layout[22m | Started エディターの読み込み (5 steps)[39m[0m
[   0% ] [90m[1mloading_editor_layout[22m | エディターレイアウトを読み込み中...[39m[0m
[92m[ DONE ][39m [1mloading_editor_layout[22m
[0m
